.\core\env\ENV.C(20): Error! E1077: Missing '}'
.\core\env\ENV.C(20): Warning! W107: Missing return value for function 'findIndex'
.\core\env\ENV.C(23): Warning! W132: No storage class or type specified
.\core\env\ENV.C(23): Error! E1011: Symbol 'str' has not been declared
.\core\env\ENV.C(23): Warning! W102: Type mismatch (warning)
.\core\env\ENV.C(23): Note! I2003: source conversion type is 'int '
.\core\env\ENV.C(23): Note! I2004: target conversion type is 'char const *'
.\core\env\ENV.C(23): Note! I2002: 'strlen' defined in: D:\WATCOM\H\string.h(166)
.\core\env\ENV.C(23): Error! E1054: Expression must be constant
.\core\env\ENV.C(25): Error! E1099: Statement must be inside function. Probable cause: missing {
.\core\env\ENV.C(39): Error! E1077: Missing '}'
.\core\env\ENV.C(39): Warning! W107: Missing return value for function 'parseValue'
.\core\env\ENV.C(39): Warning! W102: Type mismatch (warning)
.\core\env\ENV.C(39): Note! I2003: source conversion type is 'int '
.\core\env\ENV.C(39): Note! I2004: target conversion type is 'char *'
.\core\env\ENV.C(39): Error! E1054: Expression must be constant
.\core\env\ENV.C(41): Error! E1099: Statement must be inside function. Probable cause: missing {
.\core\env\ENV.C(79): Warning! W102: Type mismatch (warning)
.\core\env\ENV.C(79): Note! I2003: source conversion type is 'struct __iobuf *'
.\core\env\ENV.C(79): Note! I2004: target conversion type is 'unsigned int '
.\core\env\ENV.C(79): Note! I2002: 'fread' defined in: D:\WATCOM\H\stdio.h(317)
.\core\env\ENV.C(79): Error! E1151: Parameter count does not agree with previous definition
.\core\env\ENV.C(79): Error! E1010: Type mismatch
.\core\env\ENV.C(80): Warning! W131: No prototype found for function 'findValue'
.\core\env\ENV.C(80): Error! E1065: Invalid character constant
.\core\env\ENV.C(80): Error! E1009: Expecting ')' but found 'TS_PATH'
.\core\env\ENV.C(80): Note! I2002: 'findValue' defined in: .\core\env\ENV.C(80)
.\core\env\ENV.C(80): Error! E1009: Expecting ')' but found '', tmp'
.\core\env\ENV.C(80): Error! E1011: Symbol 'pBuffer' has not been declared
.\core\env\ENV.C(80): Error! E1009: Expecting ';' but found ')'
.\core\env\ENV.C(80): Error! E1063: Missing operand
.\core\env\ENV.C(80): Warning! W111: Meaningless use of an expression
.\core\env\ENV.C(80): Error! E1009: Expecting ';' but found ')'
.\core\env\ENV.C(81): Warning! W104: Inconsistent levels of indirection
.\core\env\ENV.C(81): Note! I2003: source conversion type is 'char *'
.\core\env\ENV.C(81): Note! I2004: target conversion type is 'char **'
.\core\env\ENV.C(88): Warning! W138: No newline at end of file
